[2025-04-16T23:46:01.905+0000] {manager.py:483} INFO - Processing files using up to 2 processes at a time 
[2025-04-16T23:46:01.906+0000] {manager.py:484} INFO - Process each file at most once every 30 seconds
[2025-04-16T23:46:01.907+0000] {manager.py:485} INFO - Checking for new files in /opt/airflow/dags every 300 seconds
[2025-04-16T23:46:01.907+0000] {manager.py:821} INFO - Searching for files in /opt/airflow/dags
[2025-04-16T23:46:01.925+0000] {manager.py:824} INFO - There are 1 files in /opt/airflow/dags
[2025-04-16T23:46:02.000+0000] {manager.py:997} INFO - 
================================================================================
DAG File Processing Stats

File Path                              PID  Runtime      # DAGs    # Errors  Last Runtime    Last Run      Last # of DB Queries
-----------------------------------  -----  ---------  --------  ----------  --------------  ----------  ----------------------
/opt/airflow/dags/airbnb_etl_dag.py    162  0.02s             0           0                                                   0
================================================================================
[2025-04-16T23:46:32.138+0000] {manager.py:997} INFO - 
================================================================================
DAG File Processing Stats

File Path                            PID    Runtime      # DAGs    # Errors  Last Runtime    Last Run               Last # of DB Queries
-----------------------------------  -----  ---------  --------  ----------  --------------  -------------------  ----------------------
/opt/airflow/dags/airbnb_etl_dag.py                           1           0  1.49s           2025-04-16T23:46:03                      45
================================================================================
[2025-04-16T23:47:02.280+0000] {manager.py:997} INFO - 
================================================================================
DAG File Processing Stats

File Path                            PID    Runtime      # DAGs    # Errors  Last Runtime    Last Run               Last # of DB Queries
-----------------------------------  -----  ---------  --------  ----------  --------------  -------------------  ----------------------
/opt/airflow/dags/airbnb_etl_dag.py                           1           0  0.50s           2025-04-16T23:46:34                      12
================================================================================
[2025-04-16T23:47:33.144+0000] {manager.py:997} INFO - 
================================================================================
DAG File Processing Stats

File Path                            PID    Runtime      # DAGs    # Errors  Last Runtime    Last Run               Last # of DB Queries
-----------------------------------  -----  ---------  --------  ----------  --------------  -------------------  ----------------------
/opt/airflow/dags/airbnb_etl_dag.py                           1           0  0.72s           2025-04-16T23:47:05                      12
================================================================================
[2025-04-16T23:48:03.392+0000] {manager.py:997} INFO - 
================================================================================
DAG File Processing Stats

File Path                            PID    Runtime      # DAGs    # Errors  Last Runtime    Last Run               Last # of DB Queries
-----------------------------------  -----  ---------  --------  ----------  --------------  -------------------  ----------------------
/opt/airflow/dags/airbnb_etl_dag.py                           1           0  1.52s           2025-04-16T23:47:36                      12
================================================================================
[2025-04-16T23:48:33.485+0000] {manager.py:997} INFO - 
================================================================================
DAG File Processing Stats

File Path                            PID    Runtime      # DAGs    # Errors  Last Runtime    Last Run               Last # of DB Queries
-----------------------------------  -----  ---------  --------  ----------  --------------  -------------------  ----------------------
/opt/airflow/dags/airbnb_etl_dag.py                           1           0  0.46s           2025-04-16T23:48:07                      12
================================================================================
[2025-04-16T23:49:03.637+0000] {manager.py:997} INFO - 
================================================================================
DAG File Processing Stats

File Path                            PID    Runtime      # DAGs    # Errors  Last Runtime    Last Run               Last # of DB Queries
-----------------------------------  -----  ---------  --------  ----------  --------------  -------------------  ----------------------
/opt/airflow/dags/airbnb_etl_dag.py                           1           0  0.43s           2025-04-16T23:48:37                      12
================================================================================
[2025-04-16T23:49:34.214+0000] {manager.py:997} INFO - 
================================================================================
DAG File Processing Stats

File Path                            PID    Runtime      # DAGs    # Errors  Last Runtime    Last Run               Last # of DB Queries
-----------------------------------  -----  ---------  --------  ----------  --------------  -------------------  ----------------------
/opt/airflow/dags/airbnb_etl_dag.py                           1           0  0.43s           2025-04-16T23:49:08                      12
================================================================================
[2025-04-16T23:50:04.231+0000] {manager.py:997} INFO - 
================================================================================
DAG File Processing Stats

File Path                            PID    Runtime      # DAGs    # Errors  Last Runtime    Last Run               Last # of DB Queries
-----------------------------------  -----  ---------  --------  ----------  --------------  -------------------  ----------------------
/opt/airflow/dags/airbnb_etl_dag.py                           1           0  0.45s           2025-04-16T23:49:39                      12
================================================================================
[2025-04-16T23:50:34.403+0000] {manager.py:997} INFO - 
================================================================================
DAG File Processing Stats

File Path                            PID    Runtime      # DAGs    # Errors  Last Runtime    Last Run               Last # of DB Queries
-----------------------------------  -----  ---------  --------  ----------  --------------  -------------------  ----------------------
/opt/airflow/dags/airbnb_etl_dag.py                           1           0  0.45s           2025-04-16T23:50:09                      12
================================================================================
[2025-04-16T23:51:01.986+0000] {manager.py:821} INFO - Searching for files in /opt/airflow/dags
[2025-04-16T23:51:02.001+0000] {manager.py:824} INFO - There are 1 files in /opt/airflow/dags
[2025-04-16T23:51:04.483+0000] {manager.py:997} INFO - 
================================================================================
DAG File Processing Stats

File Path                            PID    Runtime      # DAGs    # Errors  Last Runtime    Last Run               Last # of DB Queries
-----------------------------------  -----  ---------  --------  ----------  --------------  -------------------  ----------------------
/opt/airflow/dags/airbnb_etl_dag.py                           1           0  0.48s           2025-04-16T23:50:40                      12
================================================================================
[2025-04-16T23:51:35.227+0000] {manager.py:997} INFO - 
================================================================================
DAG File Processing Stats

File Path                            PID    Runtime      # DAGs    # Errors  Last Runtime    Last Run               Last # of DB Queries
-----------------------------------  -----  ---------  --------  ----------  --------------  -------------------  ----------------------
/opt/airflow/dags/airbnb_etl_dag.py                           1           0  0.59s           2025-04-16T23:51:11                      12
================================================================================
[2025-04-16T23:52:05.433+0000] {manager.py:997} INFO - 
================================================================================
DAG File Processing Stats

File Path                            PID    Runtime      # DAGs    # Errors  Last Runtime    Last Run               Last # of DB Queries
-----------------------------------  -----  ---------  --------  ----------  --------------  -------------------  ----------------------
/opt/airflow/dags/airbnb_etl_dag.py                           1           0  0.58s           2025-04-16T23:51:41                      12
================================================================================
[2025-04-16T23:52:35.581+0000] {manager.py:997} INFO - 
================================================================================
DAG File Processing Stats

File Path                            PID    Runtime      # DAGs    # Errors  Last Runtime    Last Run               Last # of DB Queries
-----------------------------------  -----  ---------  --------  ----------  --------------  -------------------  ----------------------
/opt/airflow/dags/airbnb_etl_dag.py                           1           0  0.47s           2025-04-16T23:52:12                      12
================================================================================
[2025-04-16T23:53:05.741+0000] {manager.py:997} INFO - 
================================================================================
DAG File Processing Stats

File Path                            PID    Runtime      # DAGs    # Errors  Last Runtime    Last Run               Last # of DB Queries
-----------------------------------  -----  ---------  --------  ----------  --------------  -------------------  ----------------------
/opt/airflow/dags/airbnb_etl_dag.py                           1           0  0.43s           2025-04-16T23:52:43                      12
================================================================================
