[2025-04-16T23:51:19.037+0000] {local_task_job_runner.py:123} INFO - ::group::Pre task execution logs
[2025-04-16T23:51:19.062+0000] {taskinstance.py:2614} INFO - Dependencies all met for dep_context=non-requeueable deps ti=<TaskInstance: airbnb_etl_dag.transform_listings_data manual__2025-04-16T23:50:35.836142+00:00 [queued]>
[2025-04-16T23:51:19.074+0000] {taskinstance.py:2614} INFO - Dependencies all met for dep_context=requeueable deps ti=<TaskInstance: airbnb_etl_dag.transform_listings_data manual__2025-04-16T23:50:35.836142+00:00 [queued]>
[2025-04-16T23:51:19.075+0000] {taskinstance.py:2867} INFO - Starting attempt 1 of 1
[2025-04-16T23:51:19.091+0000] {taskinstance.py:2890} INFO - Executing <Task(PythonOperator): transform_listings_data> on 2025-04-16 23:50:35.836142+00:00
[2025-04-16T23:51:19.098+0000] {standard_task_runner.py:72} INFO - Started process 449 to run task
[2025-04-16T23:51:19.103+0000] {standard_task_runner.py:104} INFO - Running: ['airflow', 'tasks', 'run', 'airbnb_etl_dag', 'transform_listings_data', 'manual__2025-04-16T23:50:35.836142+00:00', '--job-id', '12', '--raw', '--subdir', 'DAGS_FOLDER/airbnb_etl_dag.py', '--cfg-path', '/tmp/tmp4r155dmu']
[2025-04-16T23:51:19.105+0000] {standard_task_runner.py:105} INFO - Job 12: Subtask transform_listings_data
[2025-04-16T23:51:19.158+0000] {task_command.py:467} INFO - Running <TaskInstance: airbnb_etl_dag.transform_listings_data manual__2025-04-16T23:50:35.836142+00:00 [running]> on host 25ec4417f704
[2025-04-16T23:51:19.246+0000] {taskinstance.py:3134} INFO - Exporting env vars: AIRFLOW_CTX_DAG_OWNER='airflow' AIRFLOW_CTX_DAG_ID='airbnb_etl_dag' AIRFLOW_CTX_TASK_ID='transform_listings_data' AIRFLOW_CTX_EXECUTION_DATE='2025-04-16T23:50:35.836142+00:00' AIRFLOW_CTX_TRY_NUMBER='1' AIRFLOW_CTX_DAG_RUN_ID='manual__2025-04-16T23:50:35.836142+00:00'
[2025-04-16T23:51:19.248+0000] {taskinstance.py:732} INFO - ::endgroup::
[2025-04-16T23:51:19.260+0000] {transform_listings.py:13} INFO - Starting airbnb listings data transforming...
[2025-04-16T23:51:19.824+0000] {transform_listings.py:67} INFO - Saving airbnb hosts data into parquet file...
[2025-04-16T23:51:21.042+0000] {transform_listings.py:124} INFO - Saving airbnb listings data into parquet file...
[2025-04-16T23:51:21.475+0000] {transform_listings.py:130} INFO - Airbnb listings data transformed and saved successfully!
[2025-04-16T23:51:21.498+0000] {python.py:240} INFO - Done. Returned value was: None
[2025-04-16T23:51:21.510+0000] {taskinstance.py:341} INFO - ::group::Post task execution logs
[2025-04-16T23:51:21.511+0000] {taskinstance.py:353} INFO - Marking task as SUCCESS. dag_id=airbnb_etl_dag, task_id=transform_listings_data, run_id=manual__2025-04-16T23:50:35.836142+00:00, execution_date=20250416T235035, start_date=20250416T235119, end_date=20250416T235121
[2025-04-16T23:51:21.606+0000] {local_task_job_runner.py:266} INFO - Task exited with return code 0
[2025-04-16T23:51:21.643+0000] {taskinstance.py:3901} INFO - 1 downstream tasks scheduled from follow-on schedule check
[2025-04-16T23:51:21.646+0000] {local_task_job_runner.py:245} INFO - ::endgroup::
