[2025-04-16T23:51:23.268+0000] {local_task_job_runner.py:123} INFO - ::group::Pre task execution logs
[2025-04-16T23:51:23.295+0000] {taskinstance.py:2614} INFO - Dependencies all met for dep_context=non-requeueable deps ti=<TaskInstance: airbnb_etl_dag.transform_calendar_data manual__2025-04-16T23:50:35.836142+00:00 [queued]>
[2025-04-16T23:51:23.306+0000] {taskinstance.py:2614} INFO - Dependencies all met for dep_context=requeueable deps ti=<TaskInstance: airbnb_etl_dag.transform_calendar_data manual__2025-04-16T23:50:35.836142+00:00 [queued]>
[2025-04-16T23:51:23.307+0000] {taskinstance.py:2867} INFO - Starting attempt 1 of 1
[2025-04-16T23:51:23.320+0000] {taskinstance.py:2890} INFO - Executing <Task(PythonOperator): transform_calendar_data> on 2025-04-16 23:50:35.836142+00:00
[2025-04-16T23:51:23.327+0000] {standard_task_runner.py:72} INFO - Started process 480 to run task
[2025-04-16T23:51:23.330+0000] {standard_task_runner.py:104} INFO - Running: ['airflow', 'tasks', 'run', 'airbnb_etl_dag', 'transform_calendar_data', 'manual__2025-04-16T23:50:35.836142+00:00', '--job-id', '13', '--raw', '--subdir', 'DAGS_FOLDER/airbnb_etl_dag.py', '--cfg-path', '/tmp/tmprpjkgcmz']
[2025-04-16T23:51:23.332+0000] {standard_task_runner.py:105} INFO - Job 13: Subtask transform_calendar_data
[2025-04-16T23:51:23.380+0000] {task_command.py:467} INFO - Running <TaskInstance: airbnb_etl_dag.transform_calendar_data manual__2025-04-16T23:50:35.836142+00:00 [running]> on host 25ec4417f704
[2025-04-16T23:51:23.462+0000] {taskinstance.py:3134} INFO - Exporting env vars: AIRFLOW_CTX_DAG_OWNER='airflow' AIRFLOW_CTX_DAG_ID='airbnb_etl_dag' AIRFLOW_CTX_TASK_ID='transform_calendar_data' AIRFLOW_CTX_EXECUTION_DATE='2025-04-16T23:50:35.836142+00:00' AIRFLOW_CTX_TRY_NUMBER='1' AIRFLOW_CTX_DAG_RUN_ID='manual__2025-04-16T23:50:35.836142+00:00'
[2025-04-16T23:51:23.463+0000] {taskinstance.py:732} INFO - ::endgroup::
[2025-04-16T23:51:23.477+0000] {transform_calendar.py:12} INFO - Starting airbnb calendar data transforming...
[2025-04-16T23:51:41.134+0000] {transform_calendar.py:31} INFO - Saving airbnb calendar data into parquet file...
[2025-04-16T23:51:43.168+0000] {transform_calendar.py:34} INFO - Airbnb calendar data transformed and saved successfully!
[2025-04-16T23:51:43.194+0000] {python.py:240} INFO - Done. Returned value was: None
[2025-04-16T23:51:43.204+0000] {taskinstance.py:341} INFO - ::group::Post task execution logs
[2025-04-16T23:51:43.205+0000] {taskinstance.py:353} INFO - Marking task as SUCCESS. dag_id=airbnb_etl_dag, task_id=transform_calendar_data, run_id=manual__2025-04-16T23:50:35.836142+00:00, execution_date=20250416T235035, start_date=20250416T235123, end_date=20250416T235143
[2025-04-16T23:51:43.267+0000] {local_task_job_runner.py:266} INFO - Task exited with return code 0
[2025-04-16T23:51:43.283+0000] {taskinstance.py:3901} INFO - 0 downstream tasks scheduled from follow-on schedule check
[2025-04-16T23:51:43.285+0000] {local_task_job_runner.py:245} INFO - ::endgroup::
