[2025-04-16T23:51:11.129+0000] {local_task_job_runner.py:123} INFO - ::group::Pre task execution logs
[2025-04-16T23:51:11.151+0000] {taskinstance.py:2614} INFO - Dependencies all met for dep_context=non-requeueable deps ti=<TaskInstance: airbnb_etl_dag.transform_reviews_data manual__2025-04-16T23:50:35.836142+00:00 [queued]>
[2025-04-16T23:51:11.163+0000] {taskinstance.py:2614} INFO - Dependencies all met for dep_context=requeueable deps ti=<TaskInstance: airbnb_etl_dag.transform_reviews_data manual__2025-04-16T23:50:35.836142+00:00 [queued]>
[2025-04-16T23:51:11.164+0000] {taskinstance.py:2867} INFO - Starting attempt 1 of 1
[2025-04-16T23:51:11.183+0000] {taskinstance.py:2890} INFO - Executing <Task(PythonOperator): transform_reviews_data> on 2025-04-16 23:50:35.836142+00:00
[2025-04-16T23:51:11.190+0000] {standard_task_runner.py:72} INFO - Started process 432 to run task
[2025-04-16T23:51:11.193+0000] {standard_task_runner.py:104} INFO - Running: ['airflow', 'tasks', 'run', 'airbnb_etl_dag', 'transform_reviews_data', 'manual__2025-04-16T23:50:35.836142+00:00', '--job-id', '11', '--raw', '--subdir', 'DAGS_FOLDER/airbnb_etl_dag.py', '--cfg-path', '/tmp/tmpv0aqhiee']
[2025-04-16T23:51:11.196+0000] {standard_task_runner.py:105} INFO - Job 11: Subtask transform_reviews_data
[2025-04-16T23:51:11.241+0000] {task_command.py:467} INFO - Running <TaskInstance: airbnb_etl_dag.transform_reviews_data manual__2025-04-16T23:50:35.836142+00:00 [running]> on host 25ec4417f704
[2025-04-16T23:51:11.320+0000] {taskinstance.py:3134} INFO - Exporting env vars: AIRFLOW_CTX_DAG_OWNER='airflow' AIRFLOW_CTX_DAG_ID='airbnb_etl_dag' AIRFLOW_CTX_TASK_ID='transform_reviews_data' AIRFLOW_CTX_EXECUTION_DATE='2025-04-16T23:50:35.836142+00:00' AIRFLOW_CTX_TRY_NUMBER='1' AIRFLOW_CTX_DAG_RUN_ID='manual__2025-04-16T23:50:35.836142+00:00'
[2025-04-16T23:51:11.322+0000] {taskinstance.py:732} INFO - ::endgroup::
[2025-04-16T23:51:11.333+0000] {transform_reviews.py:12} INFO - Transforming reviews data...
[2025-04-16T23:51:14.930+0000] {transform_reviews.py:30} INFO - Saving reviews data into parquet...
[2025-04-16T23:51:17.636+0000] {transform_reviews.py:33} INFO - Reviews data transformed and saved successfully!
[2025-04-16T23:51:17.849+0000] {python.py:240} INFO - Done. Returned value was: None
[2025-04-16T23:51:17.864+0000] {taskinstance.py:341} INFO - ::group::Post task execution logs
[2025-04-16T23:51:17.865+0000] {taskinstance.py:353} INFO - Marking task as SUCCESS. dag_id=airbnb_etl_dag, task_id=transform_reviews_data, run_id=manual__2025-04-16T23:50:35.836142+00:00, execution_date=20250416T235035, start_date=20250416T235111, end_date=20250416T235117
[2025-04-16T23:51:17.976+0000] {local_task_job_runner.py:266} INFO - Task exited with return code 0
[2025-04-16T23:51:18.040+0000] {taskinstance.py:3901} INFO - 1 downstream tasks scheduled from follow-on schedule check
[2025-04-16T23:51:18.043+0000] {local_task_job_runner.py:245} INFO - ::endgroup::
