[2025-04-16T23:46:02.000+0000] {processor.py:186} INFO - Started process (PID=162) to work on /opt/airflow/dags/airbnb_etl_dag.py
[2025-04-16T23:46:02.001+0000] {processor.py:914} INFO - Processing file /opt/airflow/dags/airbnb_etl_dag.py for tasks to queue
[2025-04-16T23:46:02.003+0000] {logging_mixin.py:190} INFO - [2025-04-16T23:46:02.003+0000] {dagbag.py:588} INFO - Filling up the DagBag from /opt/airflow/dags/airbnb_etl_dag.py
[2025-04-16T23:46:03.119+0000] {processor.py:925} INFO - DAG(s) 'airbnb_etl_dag' retrieved from /opt/airflow/dags/airbnb_etl_dag.py
[2025-04-16T23:46:03.375+0000] {logging_mixin.py:190} INFO - [2025-04-16T23:46:03.374+0000] {override.py:1912} INFO - Created Permission View: can read on DAG:airbnb_etl_dag
[2025-04-16T23:46:03.384+0000] {logging_mixin.py:190} INFO - [2025-04-16T23:46:03.383+0000] {override.py:1912} INFO - Created Permission View: can edit on DAG:airbnb_etl_dag
[2025-04-16T23:46:03.389+0000] {logging_mixin.py:190} INFO - [2025-04-16T23:46:03.389+0000] {override.py:1912} INFO - Created Permission View: can delete on DAG:airbnb_etl_dag
[2025-04-16T23:46:03.395+0000] {logging_mixin.py:190} INFO - [2025-04-16T23:46:03.395+0000] {override.py:1912} INFO - Created Permission View: can create on DAG Run:airbnb_etl_dag
[2025-04-16T23:46:03.401+0000] {logging_mixin.py:190} INFO - [2025-04-16T23:46:03.401+0000] {override.py:1912} INFO - Created Permission View: can read on DAG Run:airbnb_etl_dag
[2025-04-16T23:46:03.406+0000] {logging_mixin.py:190} INFO - [2025-04-16T23:46:03.406+0000] {override.py:1912} INFO - Created Permission View: menu access on DAG Run:airbnb_etl_dag
[2025-04-16T23:46:03.411+0000] {logging_mixin.py:190} INFO - [2025-04-16T23:46:03.411+0000] {override.py:1912} INFO - Created Permission View: can delete on DAG Run:airbnb_etl_dag
[2025-04-16T23:46:03.412+0000] {logging_mixin.py:190} INFO - [2025-04-16T23:46:03.411+0000] {dag.py:3239} INFO - Sync 1 DAGs
[2025-04-16T23:46:03.425+0000] {logging_mixin.py:190} INFO - [2025-04-16T23:46:03.424+0000] {dag.py:3262} INFO - Creating ORM DAG for airbnb_etl_dag
[2025-04-16T23:46:03.435+0000] {logging_mixin.py:190} INFO - [2025-04-16T23:46:03.434+0000] {dag.py:4180} INFO - Setting next_dagrun for airbnb_etl_dag to 2025-04-15 00:00:00+00:00, run_after=2025-04-16 00:00:00+00:00
[2025-04-16T23:46:03.454+0000] {processor.py:208} INFO - Processing /opt/airflow/dags/airbnb_etl_dag.py took 1.460 seconds
[2025-04-16T23:46:33.643+0000] {processor.py:186} INFO - Started process (PID=176) to work on /opt/airflow/dags/airbnb_etl_dag.py
[2025-04-16T23:46:33.644+0000] {processor.py:914} INFO - Processing file /opt/airflow/dags/airbnb_etl_dag.py for tasks to queue
[2025-04-16T23:46:33.647+0000] {logging_mixin.py:190} INFO - [2025-04-16T23:46:33.647+0000] {dagbag.py:588} INFO - Filling up the DagBag from /opt/airflow/dags/airbnb_etl_dag.py
[2025-04-16T23:46:34.035+0000] {processor.py:925} INFO - DAG(s) 'airbnb_etl_dag' retrieved from /opt/airflow/dags/airbnb_etl_dag.py
[2025-04-16T23:46:34.066+0000] {logging_mixin.py:190} INFO - [2025-04-16T23:46:34.066+0000] {dag.py:3239} INFO - Sync 1 DAGs
[2025-04-16T23:46:34.089+0000] {logging_mixin.py:190} INFO - [2025-04-16T23:46:34.089+0000] {dag.py:4180} INFO - Setting next_dagrun for airbnb_etl_dag to 2025-04-16 00:00:00+00:00, run_after=2025-04-17 00:00:00+00:00
[2025-04-16T23:46:34.107+0000] {processor.py:208} INFO - Processing /opt/airflow/dags/airbnb_etl_dag.py took 0.472 seconds
[2025-04-16T23:47:04.323+0000] {processor.py:186} INFO - Started process (PID=209) to work on /opt/airflow/dags/airbnb_etl_dag.py
[2025-04-16T23:47:04.324+0000] {processor.py:914} INFO - Processing file /opt/airflow/dags/airbnb_etl_dag.py for tasks to queue
[2025-04-16T23:47:04.330+0000] {logging_mixin.py:190} INFO - [2025-04-16T23:47:04.328+0000] {dagbag.py:588} INFO - Filling up the DagBag from /opt/airflow/dags/airbnb_etl_dag.py
[2025-04-16T23:47:04.871+0000] {processor.py:925} INFO - DAG(s) 'airbnb_etl_dag' retrieved from /opt/airflow/dags/airbnb_etl_dag.py
[2025-04-16T23:47:04.912+0000] {logging_mixin.py:190} INFO - [2025-04-16T23:47:04.912+0000] {dag.py:3239} INFO - Sync 1 DAGs
[2025-04-16T23:47:04.975+0000] {logging_mixin.py:190} INFO - [2025-04-16T23:47:04.975+0000] {dag.py:4180} INFO - Setting next_dagrun for airbnb_etl_dag to 2025-04-16 00:00:00+00:00, run_after=2025-04-17 00:00:00+00:00
[2025-04-16T23:47:05.002+0000] {processor.py:208} INFO - Processing /opt/airflow/dags/airbnb_etl_dag.py took 0.687 seconds
[2025-04-16T23:47:35.383+0000] {processor.py:186} INFO - Started process (PID=344) to work on /opt/airflow/dags/airbnb_etl_dag.py
[2025-04-16T23:47:35.386+0000] {processor.py:914} INFO - Processing file /opt/airflow/dags/airbnb_etl_dag.py for tasks to queue
[2025-04-16T23:47:35.410+0000] {logging_mixin.py:190} INFO - [2025-04-16T23:47:35.405+0000] {dagbag.py:588} INFO - Filling up the DagBag from /opt/airflow/dags/airbnb_etl_dag.py
[2025-04-16T23:47:36.517+0000] {processor.py:925} INFO - DAG(s) 'airbnb_etl_dag' retrieved from /opt/airflow/dags/airbnb_etl_dag.py
[2025-04-16T23:47:36.638+0000] {logging_mixin.py:190} INFO - [2025-04-16T23:47:36.638+0000] {dag.py:3239} INFO - Sync 1 DAGs
[2025-04-16T23:47:36.700+0000] {logging_mixin.py:190} INFO - [2025-04-16T23:47:36.699+0000] {dag.py:4180} INFO - Setting next_dagrun for airbnb_etl_dag to 2025-04-16 00:00:00+00:00, run_after=2025-04-17 00:00:00+00:00
[2025-04-16T23:47:36.728+0000] {processor.py:208} INFO - Processing /opt/airflow/dags/airbnb_etl_dag.py took 1.430 seconds
[2025-04-16T23:48:06.926+0000] {processor.py:186} INFO - Started process (PID=356) to work on /opt/airflow/dags/airbnb_etl_dag.py
[2025-04-16T23:48:06.927+0000] {processor.py:914} INFO - Processing file /opt/airflow/dags/airbnb_etl_dag.py for tasks to queue
[2025-04-16T23:48:06.930+0000] {logging_mixin.py:190} INFO - [2025-04-16T23:48:06.930+0000] {dagbag.py:588} INFO - Filling up the DagBag from /opt/airflow/dags/airbnb_etl_dag.py
[2025-04-16T23:48:07.284+0000] {processor.py:925} INFO - DAG(s) 'airbnb_etl_dag' retrieved from /opt/airflow/dags/airbnb_etl_dag.py
[2025-04-16T23:48:07.309+0000] {logging_mixin.py:190} INFO - [2025-04-16T23:48:07.309+0000] {dag.py:3239} INFO - Sync 1 DAGs
[2025-04-16T23:48:07.330+0000] {logging_mixin.py:190} INFO - [2025-04-16T23:48:07.330+0000] {dag.py:4180} INFO - Setting next_dagrun for airbnb_etl_dag to 2025-04-16 00:00:00+00:00, run_after=2025-04-17 00:00:00+00:00
[2025-04-16T23:48:07.349+0000] {processor.py:208} INFO - Processing /opt/airflow/dags/airbnb_etl_dag.py took 0.430 seconds
[2025-04-16T23:48:37.528+0000] {processor.py:186} INFO - Started process (PID=375) to work on /opt/airflow/dags/airbnb_etl_dag.py
[2025-04-16T23:48:37.529+0000] {processor.py:914} INFO - Processing file /opt/airflow/dags/airbnb_etl_dag.py for tasks to queue
[2025-04-16T23:48:37.531+0000] {logging_mixin.py:190} INFO - [2025-04-16T23:48:37.531+0000] {dagbag.py:588} INFO - Filling up the DagBag from /opt/airflow/dags/airbnb_etl_dag.py
[2025-04-16T23:48:37.870+0000] {processor.py:925} INFO - DAG(s) 'airbnb_etl_dag' retrieved from /opt/airflow/dags/airbnb_etl_dag.py
[2025-04-16T23:48:37.895+0000] {logging_mixin.py:190} INFO - [2025-04-16T23:48:37.894+0000] {dag.py:3239} INFO - Sync 1 DAGs
[2025-04-16T23:48:37.915+0000] {logging_mixin.py:190} INFO - [2025-04-16T23:48:37.915+0000] {dag.py:4180} INFO - Setting next_dagrun for airbnb_etl_dag to 2025-04-16 00:00:00+00:00, run_after=2025-04-17 00:00:00+00:00
[2025-04-16T23:48:37.929+0000] {processor.py:208} INFO - Processing /opt/airflow/dags/airbnb_etl_dag.py took 0.407 seconds
[2025-04-16T23:49:08.106+0000] {processor.py:186} INFO - Started process (PID=381) to work on /opt/airflow/dags/airbnb_etl_dag.py
[2025-04-16T23:49:08.107+0000] {processor.py:914} INFO - Processing file /opt/airflow/dags/airbnb_etl_dag.py for tasks to queue
[2025-04-16T23:49:08.109+0000] {logging_mixin.py:190} INFO - [2025-04-16T23:49:08.108+0000] {dagbag.py:588} INFO - Filling up the DagBag from /opt/airflow/dags/airbnb_etl_dag.py
[2025-04-16T23:49:08.443+0000] {processor.py:925} INFO - DAG(s) 'airbnb_etl_dag' retrieved from /opt/airflow/dags/airbnb_etl_dag.py
[2025-04-16T23:49:08.468+0000] {logging_mixin.py:190} INFO - [2025-04-16T23:49:08.468+0000] {dag.py:3239} INFO - Sync 1 DAGs
[2025-04-16T23:49:08.490+0000] {logging_mixin.py:190} INFO - [2025-04-16T23:49:08.490+0000] {dag.py:4180} INFO - Setting next_dagrun for airbnb_etl_dag to 2025-04-16 00:00:00+00:00, run_after=2025-04-17 00:00:00+00:00
[2025-04-16T23:49:08.506+0000] {processor.py:208} INFO - Processing /opt/airflow/dags/airbnb_etl_dag.py took 0.406 seconds
[2025-04-16T23:49:38.681+0000] {processor.py:186} INFO - Started process (PID=387) to work on /opt/airflow/dags/airbnb_etl_dag.py
[2025-04-16T23:49:38.682+0000] {processor.py:914} INFO - Processing file /opt/airflow/dags/airbnb_etl_dag.py for tasks to queue
[2025-04-16T23:49:38.684+0000] {logging_mixin.py:190} INFO - [2025-04-16T23:49:38.684+0000] {dagbag.py:588} INFO - Filling up the DagBag from /opt/airflow/dags/airbnb_etl_dag.py
[2025-04-16T23:49:39.023+0000] {processor.py:925} INFO - DAG(s) 'airbnb_etl_dag' retrieved from /opt/airflow/dags/airbnb_etl_dag.py
[2025-04-16T23:49:39.055+0000] {logging_mixin.py:190} INFO - [2025-04-16T23:49:39.054+0000] {dag.py:3239} INFO - Sync 1 DAGs
[2025-04-16T23:49:39.080+0000] {logging_mixin.py:190} INFO - [2025-04-16T23:49:39.079+0000] {dag.py:4180} INFO - Setting next_dagrun for airbnb_etl_dag to 2025-04-16 00:00:00+00:00, run_after=2025-04-17 00:00:00+00:00
[2025-04-16T23:49:39.098+0000] {processor.py:208} INFO - Processing /opt/airflow/dags/airbnb_etl_dag.py took 0.422 seconds
[2025-04-16T23:50:09.280+0000] {processor.py:186} INFO - Started process (PID=393) to work on /opt/airflow/dags/airbnb_etl_dag.py
[2025-04-16T23:50:09.281+0000] {processor.py:914} INFO - Processing file /opt/airflow/dags/airbnb_etl_dag.py for tasks to queue
[2025-04-16T23:50:09.283+0000] {logging_mixin.py:190} INFO - [2025-04-16T23:50:09.283+0000] {dagbag.py:588} INFO - Filling up the DagBag from /opt/airflow/dags/airbnb_etl_dag.py
[2025-04-16T23:50:09.634+0000] {processor.py:925} INFO - DAG(s) 'airbnb_etl_dag' retrieved from /opt/airflow/dags/airbnb_etl_dag.py
[2025-04-16T23:50:09.659+0000] {logging_mixin.py:190} INFO - [2025-04-16T23:50:09.659+0000] {dag.py:3239} INFO - Sync 1 DAGs
[2025-04-16T23:50:09.680+0000] {logging_mixin.py:190} INFO - [2025-04-16T23:50:09.680+0000] {dag.py:4180} INFO - Setting next_dagrun for airbnb_etl_dag to 2025-04-16 00:00:00+00:00, run_after=2025-04-17 00:00:00+00:00
[2025-04-16T23:50:09.695+0000] {processor.py:208} INFO - Processing /opt/airflow/dags/airbnb_etl_dag.py took 0.421 seconds
[2025-04-16T23:50:39.902+0000] {processor.py:186} INFO - Started process (PID=403) to work on /opt/airflow/dags/airbnb_etl_dag.py
[2025-04-16T23:50:39.904+0000] {processor.py:914} INFO - Processing file /opt/airflow/dags/airbnb_etl_dag.py for tasks to queue
[2025-04-16T23:50:39.907+0000] {logging_mixin.py:190} INFO - [2025-04-16T23:50:39.906+0000] {dagbag.py:588} INFO - Filling up the DagBag from /opt/airflow/dags/airbnb_etl_dag.py
[2025-04-16T23:50:40.270+0000] {processor.py:925} INFO - DAG(s) 'airbnb_etl_dag' retrieved from /opt/airflow/dags/airbnb_etl_dag.py
[2025-04-16T23:50:40.300+0000] {logging_mixin.py:190} INFO - [2025-04-16T23:50:40.300+0000] {dag.py:3239} INFO - Sync 1 DAGs
[2025-04-16T23:50:40.325+0000] {logging_mixin.py:190} INFO - [2025-04-16T23:50:40.325+0000] {dag.py:4180} INFO - Setting next_dagrun for airbnb_etl_dag to 2025-04-16 00:00:00+00:00, run_after=2025-04-17 00:00:00+00:00
[2025-04-16T23:50:40.342+0000] {processor.py:208} INFO - Processing /opt/airflow/dags/airbnb_etl_dag.py took 0.449 seconds
[2025-04-16T23:51:10.544+0000] {processor.py:186} INFO - Started process (PID=425) to work on /opt/airflow/dags/airbnb_etl_dag.py
[2025-04-16T23:51:10.545+0000] {processor.py:914} INFO - Processing file /opt/airflow/dags/airbnb_etl_dag.py for tasks to queue
[2025-04-16T23:51:10.548+0000] {logging_mixin.py:190} INFO - [2025-04-16T23:51:10.548+0000] {dagbag.py:588} INFO - Filling up the DagBag from /opt/airflow/dags/airbnb_etl_dag.py
[2025-04-16T23:51:11.019+0000] {processor.py:925} INFO - DAG(s) 'airbnb_etl_dag' retrieved from /opt/airflow/dags/airbnb_etl_dag.py
[2025-04-16T23:51:11.048+0000] {logging_mixin.py:190} INFO - [2025-04-16T23:51:11.048+0000] {dag.py:3239} INFO - Sync 1 DAGs
[2025-04-16T23:51:11.077+0000] {logging_mixin.py:190} INFO - [2025-04-16T23:51:11.077+0000] {dag.py:4180} INFO - Setting next_dagrun for airbnb_etl_dag to 2025-04-16 00:00:00+00:00, run_after=2025-04-17 00:00:00+00:00
[2025-04-16T23:51:11.095+0000] {processor.py:208} INFO - Processing /opt/airflow/dags/airbnb_etl_dag.py took 0.559 seconds
[2025-04-16T23:51:41.294+0000] {processor.py:186} INFO - Started process (PID=497) to work on /opt/airflow/dags/airbnb_etl_dag.py
[2025-04-16T23:51:41.295+0000] {processor.py:914} INFO - Processing file /opt/airflow/dags/airbnb_etl_dag.py for tasks to queue
[2025-04-16T23:51:41.297+0000] {logging_mixin.py:190} INFO - [2025-04-16T23:51:41.297+0000] {dagbag.py:588} INFO - Filling up the DagBag from /opt/airflow/dags/airbnb_etl_dag.py
[2025-04-16T23:51:41.744+0000] {processor.py:925} INFO - DAG(s) 'airbnb_etl_dag' retrieved from /opt/airflow/dags/airbnb_etl_dag.py
[2025-04-16T23:51:41.778+0000] {logging_mixin.py:190} INFO - [2025-04-16T23:51:41.777+0000] {dag.py:3239} INFO - Sync 1 DAGs
[2025-04-16T23:51:41.811+0000] {logging_mixin.py:190} INFO - [2025-04-16T23:51:41.810+0000] {dag.py:4180} INFO - Setting next_dagrun for airbnb_etl_dag to 2025-04-16 00:00:00+00:00, run_after=2025-04-17 00:00:00+00:00
[2025-04-16T23:51:41.832+0000] {processor.py:208} INFO - Processing /opt/airflow/dags/airbnb_etl_dag.py took 0.545 seconds
[2025-04-16T23:52:12.030+0000] {processor.py:186} INFO - Started process (PID=504) to work on /opt/airflow/dags/airbnb_etl_dag.py
[2025-04-16T23:52:12.031+0000] {processor.py:914} INFO - Processing file /opt/airflow/dags/airbnb_etl_dag.py for tasks to queue
[2025-04-16T23:52:12.034+0000] {logging_mixin.py:190} INFO - [2025-04-16T23:52:12.034+0000] {dagbag.py:588} INFO - Filling up the DagBag from /opt/airflow/dags/airbnb_etl_dag.py
[2025-04-16T23:52:12.403+0000] {processor.py:925} INFO - DAG(s) 'airbnb_etl_dag' retrieved from /opt/airflow/dags/airbnb_etl_dag.py
[2025-04-16T23:52:12.427+0000] {logging_mixin.py:190} INFO - [2025-04-16T23:52:12.427+0000] {dag.py:3239} INFO - Sync 1 DAGs
[2025-04-16T23:52:12.448+0000] {logging_mixin.py:190} INFO - [2025-04-16T23:52:12.448+0000] {dag.py:4180} INFO - Setting next_dagrun for airbnb_etl_dag to 2025-04-16 00:00:00+00:00, run_after=2025-04-17 00:00:00+00:00
[2025-04-16T23:52:12.464+0000] {processor.py:208} INFO - Processing /opt/airflow/dags/airbnb_etl_dag.py took 0.441 seconds
[2025-04-16T23:52:42.641+0000] {processor.py:186} INFO - Started process (PID=510) to work on /opt/airflow/dags/airbnb_etl_dag.py
[2025-04-16T23:52:42.641+0000] {processor.py:914} INFO - Processing file /opt/airflow/dags/airbnb_etl_dag.py for tasks to queue
[2025-04-16T23:52:42.644+0000] {logging_mixin.py:190} INFO - [2025-04-16T23:52:42.643+0000] {dagbag.py:588} INFO - Filling up the DagBag from /opt/airflow/dags/airbnb_etl_dag.py
[2025-04-16T23:52:42.984+0000] {processor.py:925} INFO - DAG(s) 'airbnb_etl_dag' retrieved from /opt/airflow/dags/airbnb_etl_dag.py
[2025-04-16T23:52:43.007+0000] {logging_mixin.py:190} INFO - [2025-04-16T23:52:43.006+0000] {dag.py:3239} INFO - Sync 1 DAGs
[2025-04-16T23:52:43.027+0000] {logging_mixin.py:190} INFO - [2025-04-16T23:52:43.027+0000] {dag.py:4180} INFO - Setting next_dagrun for airbnb_etl_dag to 2025-04-16 00:00:00+00:00, run_after=2025-04-17 00:00:00+00:00
[2025-04-16T23:52:43.042+0000] {processor.py:208} INFO - Processing /opt/airflow/dags/airbnb_etl_dag.py took 0.407 seconds
[2025-04-16T23:53:13.217+0000] {processor.py:186} INFO - Started process (PID=517) to work on /opt/airflow/dags/airbnb_etl_dag.py
[2025-04-16T23:53:13.217+0000] {processor.py:914} INFO - Processing file /opt/airflow/dags/airbnb_etl_dag.py for tasks to queue
[2025-04-16T23:53:13.219+0000] {logging_mixin.py:190} INFO - [2025-04-16T23:53:13.219+0000] {dagbag.py:588} INFO - Filling up the DagBag from /opt/airflow/dags/airbnb_etl_dag.py
[2025-04-16T23:53:13.574+0000] {processor.py:925} INFO - DAG(s) 'airbnb_etl_dag' retrieved from /opt/airflow/dags/airbnb_etl_dag.py
[2025-04-16T23:53:13.597+0000] {logging_mixin.py:190} INFO - [2025-04-16T23:53:13.597+0000] {dag.py:3239} INFO - Sync 1 DAGs
[2025-04-16T23:53:13.617+0000] {logging_mixin.py:190} INFO - [2025-04-16T23:53:13.617+0000] {dag.py:4180} INFO - Setting next_dagrun for airbnb_etl_dag to 2025-04-16 00:00:00+00:00, run_after=2025-04-17 00:00:00+00:00
[2025-04-16T23:53:13.631+0000] {processor.py:208} INFO - Processing /opt/airflow/dags/airbnb_etl_dag.py took 0.421 seconds
[2025-04-16T23:53:43.806+0000] {processor.py:186} INFO - Started process (PID=524) to work on /opt/airflow/dags/airbnb_etl_dag.py
[2025-04-16T23:53:43.807+0000] {processor.py:914} INFO - Processing file /opt/airflow/dags/airbnb_etl_dag.py for tasks to queue
[2025-04-16T23:53:43.810+0000] {logging_mixin.py:190} INFO - [2025-04-16T23:53:43.809+0000] {dagbag.py:588} INFO - Filling up the DagBag from /opt/airflow/dags/airbnb_etl_dag.py
[2025-04-16T23:53:44.150+0000] {processor.py:925} INFO - DAG(s) 'airbnb_etl_dag' retrieved from /opt/airflow/dags/airbnb_etl_dag.py
[2025-04-16T23:53:44.172+0000] {logging_mixin.py:190} INFO - [2025-04-16T23:53:44.172+0000] {dag.py:3239} INFO - Sync 1 DAGs
[2025-04-16T23:53:44.193+0000] {logging_mixin.py:190} INFO - [2025-04-16T23:53:44.193+0000] {dag.py:4180} INFO - Setting next_dagrun for airbnb_etl_dag to 2025-04-16 00:00:00+00:00, run_after=2025-04-17 00:00:00+00:00
[2025-04-16T23:53:44.209+0000] {processor.py:208} INFO - Processing /opt/airflow/dags/airbnb_etl_dag.py took 0.408 seconds
