[2025-04-16T23:47:09.786+0000] {local_task_job_runner.py:123} INFO - ::group::Pre task execution logs
[2025-04-16T23:47:09.814+0000] {taskinstance.py:2614} INFO - Dependencies all met for dep_context=non-requeueable deps ti=<TaskInstance: airbnb_etl_dag.transform_reviews_data scheduled__2025-04-15T00:00:00+00:00 [queued]>
[2025-04-16T23:47:09.826+0000] {taskinstance.py:2614} INFO - Dependencies all met for dep_context=requeueable deps ti=<TaskInstance: airbnb_etl_dag.transform_reviews_data scheduled__2025-04-15T00:00:00+00:00 [queued]>
[2025-04-16T23:47:09.827+0000] {taskinstance.py:2867} INFO - Starting attempt 1 of 1
[2025-04-16T23:47:09.842+0000] {taskinstance.py:2890} INFO - Executing <Task(PythonOperator): transform_reviews_data> on 2025-04-15 00:00:00+00:00
[2025-04-16T23:47:09.848+0000] {standard_task_runner.py:72} INFO - Started process 223 to run task
[2025-04-16T23:47:09.852+0000] {standard_task_runner.py:104} INFO - Running: ['airflow', 'tasks', 'run', 'airbnb_etl_dag', 'transform_reviews_data', 'scheduled__2025-04-15T00:00:00+00:00', '--job-id', '4', '--raw', '--subdir', 'DAGS_FOLDER/airbnb_etl_dag.py', '--cfg-path', '/tmp/tmpk2qbqgkr']
[2025-04-16T23:47:09.855+0000] {standard_task_runner.py:105} INFO - Job 4: Subtask transform_reviews_data
[2025-04-16T23:47:09.902+0000] {task_command.py:467} INFO - Running <TaskInstance: airbnb_etl_dag.transform_reviews_data scheduled__2025-04-15T00:00:00+00:00 [running]> on host 25ec4417f704
[2025-04-16T23:47:09.991+0000] {taskinstance.py:3134} INFO - Exporting env vars: AIRFLOW_CTX_DAG_OWNER='airflow' AIRFLOW_CTX_DAG_ID='airbnb_etl_dag' AIRFLOW_CTX_TASK_ID='transform_reviews_data' AIRFLOW_CTX_EXECUTION_DATE='2025-04-15T00:00:00+00:00' AIRFLOW_CTX_TRY_NUMBER='1' AIRFLOW_CTX_DAG_RUN_ID='scheduled__2025-04-15T00:00:00+00:00'
[2025-04-16T23:47:09.993+0000] {taskinstance.py:732} INFO - ::endgroup::
[2025-04-16T23:47:10.006+0000] {transform_reviews.py:12} INFO - Transforming reviews data...
[2025-04-16T23:47:13.291+0000] {transform_reviews.py:30} INFO - Saving reviews data into parquet...
[2025-04-16T23:47:16.053+0000] {transform_reviews.py:33} INFO - Reviews data transformed and saved successfully!
[2025-04-16T23:47:16.233+0000] {python.py:240} INFO - Done. Returned value was: None
[2025-04-16T23:47:16.243+0000] {taskinstance.py:341} INFO - ::group::Post task execution logs
[2025-04-16T23:47:16.245+0000] {taskinstance.py:353} INFO - Marking task as SUCCESS. dag_id=airbnb_etl_dag, task_id=transform_reviews_data, run_id=scheduled__2025-04-15T00:00:00+00:00, execution_date=20250415T000000, start_date=20250416T234709, end_date=20250416T234716
[2025-04-16T23:47:16.331+0000] {local_task_job_runner.py:266} INFO - Task exited with return code 0
[2025-04-16T23:47:16.363+0000] {taskinstance.py:3901} INFO - 1 downstream tasks scheduled from follow-on schedule check
[2025-04-16T23:47:16.366+0000] {local_task_job_runner.py:245} INFO - ::endgroup::
