[2025-04-16T23:46:30.651+0000] {local_task_job_runner.py:123} INFO - ::group::Pre task execution logs
[2025-04-16T23:46:30.668+0000] {taskinstance.py:2614} INFO - Dependencies all met for dep_context=non-requeueable deps ti=<TaskInstance: airbnb_etl_dag.extract_airbnb_data scheduled__2025-04-15T00:00:00+00:00 [queued]>
[2025-04-16T23:46:30.676+0000] {taskinstance.py:2614} INFO - Dependencies all met for dep_context=requeueable deps ti=<TaskInstance: airbnb_etl_dag.extract_airbnb_data scheduled__2025-04-15T00:00:00+00:00 [queued]>
[2025-04-16T23:46:30.679+0000] {taskinstance.py:2867} INFO - Starting attempt 1 of 1
[2025-04-16T23:46:30.696+0000] {taskinstance.py:2890} INFO - Executing <Task(PythonOperator): extract_airbnb_data> on 2025-04-15 00:00:00+00:00
[2025-04-16T23:46:30.704+0000] {standard_task_runner.py:72} INFO - Started process 173 to run task
[2025-04-16T23:46:30.708+0000] {standard_task_runner.py:104} INFO - Running: ['airflow', 'tasks', 'run', 'airbnb_etl_dag', 'extract_airbnb_data', 'scheduled__2025-04-15T00:00:00+00:00', '--job-id', '3', '--raw', '--subdir', 'DAGS_FOLDER/airbnb_etl_dag.py', '--cfg-path', '/tmp/tmpjzsrirhz']
[2025-04-16T23:46:30.711+0000] {standard_task_runner.py:105} INFO - Job 3: Subtask extract_airbnb_data
[2025-04-16T23:46:30.774+0000] {task_command.py:467} INFO - Running <TaskInstance: airbnb_etl_dag.extract_airbnb_data scheduled__2025-04-15T00:00:00+00:00 [running]> on host 25ec4417f704
[2025-04-16T23:46:30.859+0000] {taskinstance.py:3134} INFO - Exporting env vars: AIRFLOW_CTX_DAG_OWNER='airflow' AIRFLOW_CTX_DAG_ID='airbnb_etl_dag' AIRFLOW_CTX_TASK_ID='extract_airbnb_data' AIRFLOW_CTX_EXECUTION_DATE='2025-04-15T00:00:00+00:00' AIRFLOW_CTX_TRY_NUMBER='1' AIRFLOW_CTX_DAG_RUN_ID='scheduled__2025-04-15T00:00:00+00:00'
[2025-04-16T23:46:30.861+0000] {taskinstance.py:732} INFO - ::endgroup::
[2025-04-16T23:46:30.888+0000] {airbnb_extraction.py:22} INFO - Iniciando extração do arquivo calendar
[2025-04-16T23:46:30.889+0000] {airbnb_extraction.py:27} INFO - Baixando arquivo calendar... https://data.insideairbnb.com/brazil/rj/rio-de-janeiro/2024-12-27/data/calendar.csv.gz
[2025-04-16T23:46:31.018+0000] {airbnb_extraction.py:31} INFO - calendar baixado com sucesso!
[2025-04-16T23:46:33.618+0000] {airbnb_extraction.py:37} INFO - calendar.csv.gz salvo com sucesso!
[2025-04-16T23:46:33.619+0000] {airbnb_extraction.py:45} INFO - Convertendo calendar para dataframe...
[2025-04-16T23:46:42.931+0000] {airbnb_extraction.py:50} INFO - Salvando calendar como PARQUET...
[2025-04-16T23:46:46.651+0000] {airbnb_extraction.py:56} INFO - Erro ao processar o arquivo calendar: [Errno 2] No such file or directory: '/opt/airflow/data/airbnb/bronze/calendar.csv.gz'
[2025-04-16T23:46:46.652+0000] {airbnb_extraction.py:22} INFO - Iniciando extração do arquivo listings
[2025-04-16T23:46:46.653+0000] {airbnb_extraction.py:27} INFO - Baixando arquivo listings... https://data.insideairbnb.com/brazil/rj/rio-de-janeiro/2024-12-27/data/listings.csv.gz
[2025-04-16T23:46:46.711+0000] {airbnb_extraction.py:31} INFO - listings baixado com sucesso!
[2025-04-16T23:46:48.017+0000] {airbnb_extraction.py:37} INFO - listings.csv.gz salvo com sucesso!
[2025-04-16T23:46:48.018+0000] {airbnb_extraction.py:45} INFO - Convertendo listings para dataframe...
[2025-04-16T23:46:49.913+0000] {airbnb_extraction.py:50} INFO - Salvando listings como PARQUET...
[2025-04-16T23:46:50.453+0000] {airbnb_extraction.py:56} INFO - Erro ao processar o arquivo listings: [Errno 2] No such file or directory: '/opt/airflow/data/airbnb/bronze/listings.csv.gz'
[2025-04-16T23:46:50.454+0000] {airbnb_extraction.py:22} INFO - Iniciando extração do arquivo reviews
[2025-04-16T23:46:50.455+0000] {airbnb_extraction.py:27} INFO - Baixando arquivo reviews... https://data.insideairbnb.com/brazil/rj/rio-de-janeiro/2024-12-27/data/reviews.csv.gz
[2025-04-16T23:46:50.489+0000] {airbnb_extraction.py:31} INFO - reviews baixado com sucesso!
[2025-04-16T23:46:57.401+0000] {airbnb_extraction.py:37} INFO - reviews.csv.gz salvo com sucesso!
[2025-04-16T23:46:57.402+0000] {airbnb_extraction.py:45} INFO - Convertendo reviews para dataframe...
[2025-04-16T23:47:05.326+0000] {airbnb_extraction.py:50} INFO - Salvando reviews como PARQUET...
[2025-04-16T23:47:07.797+0000] {airbnb_extraction.py:54} INFO - reviews extraído e transformado com sucesso

[2025-04-16T23:47:07.799+0000] {airbnb_extraction.py:58} INFO - Extração do Airbnb concluída!
[2025-04-16T23:47:08.023+0000] {python.py:240} INFO - Done. Returned value was: None
[2025-04-16T23:47:08.039+0000] {taskinstance.py:341} INFO - ::group::Post task execution logs
[2025-04-16T23:47:08.040+0000] {taskinstance.py:353} INFO - Marking task as SUCCESS. dag_id=airbnb_etl_dag, task_id=extract_airbnb_data, run_id=scheduled__2025-04-15T00:00:00+00:00, execution_date=20250415T000000, start_date=20250416T234630, end_date=20250416T234708
[2025-04-16T23:47:08.147+0000] {local_task_job_runner.py:266} INFO - Task exited with return code 0
[2025-04-16T23:47:08.184+0000] {taskinstance.py:3901} INFO - 1 downstream tasks scheduled from follow-on schedule check
[2025-04-16T23:47:08.186+0000] {local_task_job_runner.py:245} INFO - ::endgroup::
