[2025-04-16T23:47:17.419+0000] {local_task_job_runner.py:123} INFO - ::group::Pre task execution logs
[2025-04-16T23:47:17.440+0000] {taskinstance.py:2614} INFO - Dependencies all met for dep_context=non-requeueable deps ti=<TaskInstance: airbnb_etl_dag.transform_listings_data scheduled__2025-04-15T00:00:00+00:00 [queued]>
[2025-04-16T23:47:17.450+0000] {taskinstance.py:2614} INFO - Dependencies all met for dep_context=requeueable deps ti=<TaskInstance: airbnb_etl_dag.transform_listings_data scheduled__2025-04-15T00:00:00+00:00 [queued]>
[2025-04-16T23:47:17.451+0000] {taskinstance.py:2867} INFO - Starting attempt 1 of 1
[2025-04-16T23:47:17.463+0000] {taskinstance.py:2890} INFO - Executing <Task(PythonOperator): transform_listings_data> on 2025-04-15 00:00:00+00:00
[2025-04-16T23:47:17.469+0000] {standard_task_runner.py:72} INFO - Started process 257 to run task
[2025-04-16T23:47:17.473+0000] {standard_task_runner.py:104} INFO - Running: ['airflow', 'tasks', 'run', 'airbnb_etl_dag', 'transform_listings_data', 'scheduled__2025-04-15T00:00:00+00:00', '--job-id', '6', '--raw', '--subdir', 'DAGS_FOLDER/airbnb_etl_dag.py', '--cfg-path', '/tmp/tmppwk81xh1']
[2025-04-16T23:47:17.475+0000] {standard_task_runner.py:105} INFO - Job 6: Subtask transform_listings_data
[2025-04-16T23:47:17.519+0000] {task_command.py:467} INFO - Running <TaskInstance: airbnb_etl_dag.transform_listings_data scheduled__2025-04-15T00:00:00+00:00 [running]> on host 25ec4417f704
[2025-04-16T23:47:17.593+0000] {taskinstance.py:3134} INFO - Exporting env vars: AIRFLOW_CTX_DAG_OWNER='airflow' AIRFLOW_CTX_DAG_ID='airbnb_etl_dag' AIRFLOW_CTX_TASK_ID='transform_listings_data' AIRFLOW_CTX_EXECUTION_DATE='2025-04-15T00:00:00+00:00' AIRFLOW_CTX_TRY_NUMBER='1' AIRFLOW_CTX_DAG_RUN_ID='scheduled__2025-04-15T00:00:00+00:00'
[2025-04-16T23:47:17.594+0000] {taskinstance.py:732} INFO - ::endgroup::
[2025-04-16T23:47:17.607+0000] {transform_listings.py:13} INFO - Starting airbnb listings data transforming...
[2025-04-16T23:47:18.325+0000] {transform_listings.py:67} INFO - Saving airbnb hosts data into parquet file...
[2025-04-16T23:47:19.485+0000] {transform_listings.py:124} INFO - Saving airbnb listings data into parquet file...
[2025-04-16T23:47:19.851+0000] {transform_listings.py:130} INFO - Airbnb listings data transformed and saved successfully!
[2025-04-16T23:47:19.865+0000] {python.py:240} INFO - Done. Returned value was: None
[2025-04-16T23:47:19.876+0000] {taskinstance.py:341} INFO - ::group::Post task execution logs
[2025-04-16T23:47:19.877+0000] {taskinstance.py:353} INFO - Marking task as SUCCESS. dag_id=airbnb_etl_dag, task_id=transform_listings_data, run_id=scheduled__2025-04-15T00:00:00+00:00, execution_date=20250415T000000, start_date=20250416T234717, end_date=20250416T234719
[2025-04-16T23:47:19.934+0000] {local_task_job_runner.py:266} INFO - Task exited with return code 0
[2025-04-16T23:47:19.955+0000] {taskinstance.py:3901} INFO - 1 downstream tasks scheduled from follow-on schedule check
[2025-04-16T23:47:19.958+0000] {local_task_job_runner.py:245} INFO - ::endgroup::
