[2025-04-16T23:47:09.786+0000] {local_task_job_runner.py:123} INFO - ::group::Pre task execution logs
[2025-04-16T23:47:09.823+0000] {taskinstance.py:2614} INFO - Dependencies all met for dep_context=non-requeueable deps ti=<TaskInstance: airbnb_etl_dag.transform_reviews_data manual__2025-04-16T23:46:29.287876+00:00 [queued]>
[2025-04-16T23:47:09.834+0000] {taskinstance.py:2614} INFO - Dependencies all met for dep_context=requeueable deps ti=<TaskInstance: airbnb_etl_dag.transform_reviews_data manual__2025-04-16T23:46:29.287876+00:00 [queued]>
[2025-04-16T23:47:09.835+0000] {taskinstance.py:2867} INFO - Starting attempt 1 of 1
[2025-04-16T23:47:09.847+0000] {taskinstance.py:2890} INFO - Executing <Task(PythonOperator): transform_reviews_data> on 2025-04-16 23:46:29.287876+00:00
[2025-04-16T23:47:09.854+0000] {standard_task_runner.py:72} INFO - Started process 225 to run task
[2025-04-16T23:47:09.857+0000] {standard_task_runner.py:104} INFO - Running: ['airflow', 'tasks', 'run', 'airbnb_etl_dag', 'transform_reviews_data', 'manual__2025-04-16T23:46:29.287876+00:00', '--job-id', '5', '--raw', '--subdir', 'DAGS_FOLDER/airbnb_etl_dag.py', '--cfg-path', '/tmp/tmpmcxeue4a']
[2025-04-16T23:47:09.859+0000] {standard_task_runner.py:105} INFO - Job 5: Subtask transform_reviews_data
[2025-04-16T23:47:09.905+0000] {task_command.py:467} INFO - Running <TaskInstance: airbnb_etl_dag.transform_reviews_data manual__2025-04-16T23:46:29.287876+00:00 [running]> on host 25ec4417f704
[2025-04-16T23:47:10.013+0000] {taskinstance.py:3134} INFO - Exporting env vars: AIRFLOW_CTX_DAG_OWNER='airflow' AIRFLOW_CTX_DAG_ID='airbnb_etl_dag' AIRFLOW_CTX_TASK_ID='transform_reviews_data' AIRFLOW_CTX_EXECUTION_DATE='2025-04-16T23:46:29.287876+00:00' AIRFLOW_CTX_TRY_NUMBER='1' AIRFLOW_CTX_DAG_RUN_ID='manual__2025-04-16T23:46:29.287876+00:00'
[2025-04-16T23:47:10.015+0000] {taskinstance.py:732} INFO - ::endgroup::
[2025-04-16T23:47:10.027+0000] {transform_reviews.py:12} INFO - Transforming reviews data...
[2025-04-16T23:47:13.275+0000] {transform_reviews.py:30} INFO - Saving reviews data into parquet...
[2025-04-16T23:47:16.025+0000] {transform_reviews.py:33} INFO - Reviews data transformed and saved successfully!
[2025-04-16T23:47:16.211+0000] {python.py:240} INFO - Done. Returned value was: None
[2025-04-16T23:47:16.224+0000] {taskinstance.py:341} INFO - ::group::Post task execution logs
[2025-04-16T23:47:16.225+0000] {taskinstance.py:353} INFO - Marking task as SUCCESS. dag_id=airbnb_etl_dag, task_id=transform_reviews_data, run_id=manual__2025-04-16T23:46:29.287876+00:00, execution_date=20250416T234629, start_date=20250416T234709, end_date=20250416T234716
[2025-04-16T23:47:16.331+0000] {local_task_job_runner.py:266} INFO - Task exited with return code 0
[2025-04-16T23:47:16.385+0000] {taskinstance.py:3901} INFO - 1 downstream tasks scheduled from follow-on schedule check
[2025-04-16T23:47:16.388+0000] {local_task_job_runner.py:245} INFO - ::endgroup::
