[2025-04-16T23:47:21.313+0000] {local_task_job_runner.py:123} INFO - ::group::Pre task execution logs
[2025-04-16T23:47:21.342+0000] {taskinstance.py:2614} INFO - Dependencies all met for dep_context=non-requeueable deps ti=<TaskInstance: airbnb_etl_dag.transform_calendar_data manual__2025-04-16T23:46:29.287876+00:00 [queued]>
[2025-04-16T23:47:21.353+0000] {taskinstance.py:2614} INFO - Dependencies all met for dep_context=requeueable deps ti=<TaskInstance: airbnb_etl_dag.transform_calendar_data manual__2025-04-16T23:46:29.287876+00:00 [queued]>
[2025-04-16T23:47:21.355+0000] {taskinstance.py:2867} INFO - Starting attempt 1 of 1
[2025-04-16T23:47:21.369+0000] {taskinstance.py:2890} INFO - Executing <Task(PythonOperator): transform_calendar_data> on 2025-04-16 23:46:29.287876+00:00
[2025-04-16T23:47:21.376+0000] {standard_task_runner.py:72} INFO - Started process 314 to run task
[2025-04-16T23:47:21.379+0000] {standard_task_runner.py:104} INFO - Running: ['airflow', 'tasks', 'run', 'airbnb_etl_dag', 'transform_calendar_data', 'manual__2025-04-16T23:46:29.287876+00:00', '--job-id', '9', '--raw', '--subdir', 'DAGS_FOLDER/airbnb_etl_dag.py', '--cfg-path', '/tmp/tmpnd_8kpxq']
[2025-04-16T23:47:21.381+0000] {standard_task_runner.py:105} INFO - Job 9: Subtask transform_calendar_data
[2025-04-16T23:47:21.436+0000] {task_command.py:467} INFO - Running <TaskInstance: airbnb_etl_dag.transform_calendar_data manual__2025-04-16T23:46:29.287876+00:00 [running]> on host 25ec4417f704
[2025-04-16T23:47:21.504+0000] {taskinstance.py:3134} INFO - Exporting env vars: AIRFLOW_CTX_DAG_OWNER='airflow' AIRFLOW_CTX_DAG_ID='airbnb_etl_dag' AIRFLOW_CTX_TASK_ID='transform_calendar_data' AIRFLOW_CTX_EXECUTION_DATE='2025-04-16T23:46:29.287876+00:00' AIRFLOW_CTX_TRY_NUMBER='1' AIRFLOW_CTX_DAG_RUN_ID='manual__2025-04-16T23:46:29.287876+00:00'
[2025-04-16T23:47:21.506+0000] {taskinstance.py:732} INFO - ::endgroup::
[2025-04-16T23:47:21.516+0000] {transform_calendar.py:12} INFO - Starting airbnb calendar data transforming...
[2025-04-16T23:47:44.479+0000] {transform_calendar.py:31} INFO - Saving airbnb calendar data into parquet file...
[2025-04-16T23:47:46.718+0000] {transform_calendar.py:34} INFO - Airbnb calendar data transformed and saved successfully!
[2025-04-16T23:47:46.757+0000] {python.py:240} INFO - Done. Returned value was: None
[2025-04-16T23:47:47.158+0000] {taskinstance.py:341} INFO - ::group::Post task execution logs
[2025-04-16T23:47:47.169+0000] {taskinstance.py:353} INFO - Marking task as SUCCESS. dag_id=airbnb_etl_dag, task_id=transform_calendar_data, run_id=manual__2025-04-16T23:46:29.287876+00:00, execution_date=20250416T234629, start_date=20250416T234721, end_date=20250416T234747
[2025-04-16T23:47:47.440+0000] {local_task_job_runner.py:266} INFO - Task exited with return code 0
[2025-04-16T23:47:47.539+0000] {taskinstance.py:3901} INFO - 0 downstream tasks scheduled from follow-on schedule check
[2025-04-16T23:47:47.542+0000] {local_task_job_runner.py:245} INFO - ::endgroup::
