[2025-04-16T23:50:37.008+0000] {local_task_job_runner.py:123} INFO - ::group::Pre task execution logs
[2025-04-16T23:50:37.026+0000] {taskinstance.py:2614} INFO - Dependencies all met for dep_context=non-requeueable deps ti=<TaskInstance: airbnb_etl_dag.extract_airbnb_data manual__2025-04-16T23:50:35.836142+00:00 [queued]>
[2025-04-16T23:50:37.034+0000] {taskinstance.py:2614} INFO - Dependencies all met for dep_context=requeueable deps ti=<TaskInstance: airbnb_etl_dag.extract_airbnb_data manual__2025-04-16T23:50:35.836142+00:00 [queued]>
[2025-04-16T23:50:37.035+0000] {taskinstance.py:2867} INFO - Starting attempt 1 of 1
[2025-04-16T23:50:37.047+0000] {taskinstance.py:2890} INFO - Executing <Task(PythonOperator): extract_airbnb_data> on 2025-04-16 23:50:35.836142+00:00
[2025-04-16T23:50:37.053+0000] {standard_task_runner.py:72} INFO - Started process 401 to run task
[2025-04-16T23:50:37.056+0000] {standard_task_runner.py:104} INFO - Running: ['airflow', 'tasks', 'run', 'airbnb_etl_dag', 'extract_airbnb_data', 'manual__2025-04-16T23:50:35.836142+00:00', '--job-id', '10', '--raw', '--subdir', 'DAGS_FOLDER/airbnb_etl_dag.py', '--cfg-path', '/tmp/tmp765gwaj4']
[2025-04-16T23:50:37.059+0000] {standard_task_runner.py:105} INFO - Job 10: Subtask extract_airbnb_data
[2025-04-16T23:50:37.104+0000] {task_command.py:467} INFO - Running <TaskInstance: airbnb_etl_dag.extract_airbnb_data manual__2025-04-16T23:50:35.836142+00:00 [running]> on host 25ec4417f704
[2025-04-16T23:50:37.198+0000] {taskinstance.py:3134} INFO - Exporting env vars: AIRFLOW_CTX_DAG_OWNER='airflow' AIRFLOW_CTX_DAG_ID='airbnb_etl_dag' AIRFLOW_CTX_TASK_ID='extract_airbnb_data' AIRFLOW_CTX_EXECUTION_DATE='2025-04-16T23:50:35.836142+00:00' AIRFLOW_CTX_TRY_NUMBER='1' AIRFLOW_CTX_DAG_RUN_ID='manual__2025-04-16T23:50:35.836142+00:00'
[2025-04-16T23:50:37.200+0000] {taskinstance.py:732} INFO - ::endgroup::
[2025-04-16T23:50:37.221+0000] {airbnb_extraction.py:22} INFO - Iniciando extração do arquivo calendar
[2025-04-16T23:50:37.222+0000] {airbnb_extraction.py:27} INFO - Baixando arquivo calendar... https://data.insideairbnb.com/brazil/rj/rio-de-janeiro/2024-12-27/data/calendar.csv.gz
[2025-04-16T23:50:37.489+0000] {airbnb_extraction.py:31} INFO - calendar baixado com sucesso!
[2025-04-16T23:50:39.611+0000] {airbnb_extraction.py:37} INFO - calendar.csv.gz salvo com sucesso!
[2025-04-16T23:50:39.612+0000] {airbnb_extraction.py:45} INFO - Convertendo calendar para dataframe...
[2025-04-16T23:50:47.014+0000] {airbnb_extraction.py:50} INFO - Salvando calendar como PARQUET...
[2025-04-16T23:50:50.472+0000] {airbnb_extraction.py:54} INFO - calendar extraído e transformado com sucesso

[2025-04-16T23:50:50.474+0000] {airbnb_extraction.py:22} INFO - Iniciando extração do arquivo listings
[2025-04-16T23:50:50.475+0000] {airbnb_extraction.py:27} INFO - Baixando arquivo listings... https://data.insideairbnb.com/brazil/rj/rio-de-janeiro/2024-12-27/data/listings.csv.gz
[2025-04-16T23:50:50.524+0000] {airbnb_extraction.py:31} INFO - listings baixado com sucesso!
[2025-04-16T23:50:51.741+0000] {airbnb_extraction.py:37} INFO - listings.csv.gz salvo com sucesso!
[2025-04-16T23:50:51.741+0000] {airbnb_extraction.py:45} INFO - Convertendo listings para dataframe...
[2025-04-16T23:50:53.597+0000] {airbnb_extraction.py:50} INFO - Salvando listings como PARQUET...
[2025-04-16T23:50:54.051+0000] {airbnb_extraction.py:54} INFO - listings extraído e transformado com sucesso

[2025-04-16T23:50:54.052+0000] {airbnb_extraction.py:22} INFO - Iniciando extração do arquivo reviews
[2025-04-16T23:50:54.052+0000] {airbnb_extraction.py:27} INFO - Baixando arquivo reviews... https://data.insideairbnb.com/brazil/rj/rio-de-janeiro/2024-12-27/data/reviews.csv.gz
[2025-04-16T23:50:54.087+0000] {airbnb_extraction.py:31} INFO - reviews baixado com sucesso!
[2025-04-16T23:50:59.799+0000] {airbnb_extraction.py:37} INFO - reviews.csv.gz salvo com sucesso!
[2025-04-16T23:50:59.800+0000] {airbnb_extraction.py:45} INFO - Convertendo reviews para dataframe...
[2025-04-16T23:51:07.492+0000] {airbnb_extraction.py:50} INFO - Salvando reviews como PARQUET...
[2025-04-16T23:51:09.611+0000] {airbnb_extraction.py:54} INFO - reviews extraído e transformado com sucesso

[2025-04-16T23:51:09.613+0000] {airbnb_extraction.py:58} INFO - Extração do Airbnb concluída!
[2025-04-16T23:51:09.772+0000] {python.py:240} INFO - Done. Returned value was: None
[2025-04-16T23:51:09.783+0000] {taskinstance.py:341} INFO - ::group::Post task execution logs
[2025-04-16T23:51:09.784+0000] {taskinstance.py:353} INFO - Marking task as SUCCESS. dag_id=airbnb_etl_dag, task_id=extract_airbnb_data, run_id=manual__2025-04-16T23:50:35.836142+00:00, execution_date=20250416T235035, start_date=20250416T235037, end_date=20250416T235109
[2025-04-16T23:51:09.855+0000] {local_task_job_runner.py:266} INFO - Task exited with return code 0
[2025-04-16T23:51:09.883+0000] {taskinstance.py:3901} INFO - 1 downstream tasks scheduled from follow-on schedule check
[2025-04-16T23:51:09.886+0000] {local_task_job_runner.py:245} INFO - ::endgroup::
