[2025-04-16T23:46:30.650+0000] {local_task_job_runner.py:123} INFO - ::group::Pre task execution logs
[2025-04-16T23:46:30.668+0000] {taskinstance.py:2614} INFO - Dependencies all met for dep_context=non-requeueable deps ti=<TaskInstance: airbnb_etl_dag.extract_airbnb_data manual__2025-04-16T23:46:29.287876+00:00 [queued]>
[2025-04-16T23:46:30.675+0000] {taskinstance.py:2614} INFO - Dependencies all met for dep_context=requeueable deps ti=<TaskInstance: airbnb_etl_dag.extract_airbnb_data manual__2025-04-16T23:46:29.287876+00:00 [queued]>
[2025-04-16T23:46:30.677+0000] {taskinstance.py:2867} INFO - Starting attempt 1 of 1
[2025-04-16T23:46:30.695+0000] {taskinstance.py:2890} INFO - Executing <Task(PythonOperator): extract_airbnb_data> on 2025-04-16 23:46:29.287876+00:00
[2025-04-16T23:46:30.704+0000] {standard_task_runner.py:72} INFO - Started process 172 to run task
[2025-04-16T23:46:30.708+0000] {standard_task_runner.py:104} INFO - Running: ['airflow', 'tasks', 'run', 'airbnb_etl_dag', 'extract_airbnb_data', 'manual__2025-04-16T23:46:29.287876+00:00', '--job-id', '2', '--raw', '--subdir', 'DAGS_FOLDER/airbnb_etl_dag.py', '--cfg-path', '/tmp/tmpibn8ri2u']
[2025-04-16T23:46:30.711+0000] {standard_task_runner.py:105} INFO - Job 2: Subtask extract_airbnb_data
[2025-04-16T23:46:30.772+0000] {task_command.py:467} INFO - Running <TaskInstance: airbnb_etl_dag.extract_airbnb_data manual__2025-04-16T23:46:29.287876+00:00 [running]> on host 25ec4417f704
[2025-04-16T23:46:30.858+0000] {taskinstance.py:3134} INFO - Exporting env vars: AIRFLOW_CTX_DAG_OWNER='airflow' AIRFLOW_CTX_DAG_ID='airbnb_etl_dag' AIRFLOW_CTX_TASK_ID='extract_airbnb_data' AIRFLOW_CTX_EXECUTION_DATE='2025-04-16T23:46:29.287876+00:00' AIRFLOW_CTX_TRY_NUMBER='1' AIRFLOW_CTX_DAG_RUN_ID='manual__2025-04-16T23:46:29.287876+00:00'
[2025-04-16T23:46:30.860+0000] {taskinstance.py:732} INFO - ::endgroup::
[2025-04-16T23:46:30.888+0000] {airbnb_extraction.py:22} INFO - Iniciando extração do arquivo calendar
[2025-04-16T23:46:30.889+0000] {airbnb_extraction.py:27} INFO - Baixando arquivo calendar... https://data.insideairbnb.com/brazil/rj/rio-de-janeiro/2024-12-27/data/calendar.csv.gz
[2025-04-16T23:46:31.023+0000] {airbnb_extraction.py:31} INFO - calendar baixado com sucesso!
[2025-04-16T23:46:33.618+0000] {airbnb_extraction.py:37} INFO - calendar.csv.gz salvo com sucesso!
[2025-04-16T23:46:33.619+0000] {airbnb_extraction.py:45} INFO - Convertendo calendar para dataframe...
[2025-04-16T23:46:42.936+0000] {airbnb_extraction.py:50} INFO - Salvando calendar como PARQUET...
[2025-04-16T23:46:46.579+0000] {airbnb_extraction.py:54} INFO - calendar extraído e transformado com sucesso

[2025-04-16T23:46:46.580+0000] {airbnb_extraction.py:22} INFO - Iniciando extração do arquivo listings
[2025-04-16T23:46:46.581+0000] {airbnb_extraction.py:27} INFO - Baixando arquivo listings... https://data.insideairbnb.com/brazil/rj/rio-de-janeiro/2024-12-27/data/listings.csv.gz
[2025-04-16T23:46:46.623+0000] {airbnb_extraction.py:31} INFO - listings baixado com sucesso!
[2025-04-16T23:46:47.969+0000] {airbnb_extraction.py:37} INFO - listings.csv.gz salvo com sucesso!
[2025-04-16T23:46:47.970+0000] {airbnb_extraction.py:45} INFO - Convertendo listings para dataframe...
[2025-04-16T23:46:49.875+0000] {airbnb_extraction.py:50} INFO - Salvando listings como PARQUET...
[2025-04-16T23:46:50.424+0000] {airbnb_extraction.py:54} INFO - listings extraído e transformado com sucesso

[2025-04-16T23:46:50.426+0000] {airbnb_extraction.py:22} INFO - Iniciando extração do arquivo reviews
[2025-04-16T23:46:50.427+0000] {airbnb_extraction.py:27} INFO - Baixando arquivo reviews... https://data.insideairbnb.com/brazil/rj/rio-de-janeiro/2024-12-27/data/reviews.csv.gz
[2025-04-16T23:46:50.466+0000] {airbnb_extraction.py:31} INFO - reviews baixado com sucesso!
[2025-04-16T23:46:57.401+0000] {airbnb_extraction.py:37} INFO - reviews.csv.gz salvo com sucesso!
[2025-04-16T23:46:57.402+0000] {airbnb_extraction.py:45} INFO - Convertendo reviews para dataframe...
[2025-04-16T23:47:05.328+0000] {airbnb_extraction.py:50} INFO - Salvando reviews como PARQUET...
[2025-04-16T23:47:07.797+0000] {airbnb_extraction.py:56} INFO - Erro ao processar o arquivo reviews: [Errno 2] No such file or directory: '/opt/airflow/data/airbnb/bronze/reviews.csv.gz'
[2025-04-16T23:47:07.799+0000] {airbnb_extraction.py:58} INFO - Extração do Airbnb concluída!
[2025-04-16T23:47:08.023+0000] {python.py:240} INFO - Done. Returned value was: None
[2025-04-16T23:47:08.055+0000] {taskinstance.py:341} INFO - ::group::Post task execution logs
[2025-04-16T23:47:08.056+0000] {taskinstance.py:353} INFO - Marking task as SUCCESS. dag_id=airbnb_etl_dag, task_id=extract_airbnb_data, run_id=manual__2025-04-16T23:46:29.287876+00:00, execution_date=20250416T234629, start_date=20250416T234630, end_date=20250416T234708
[2025-04-16T23:47:08.147+0000] {local_task_job_runner.py:266} INFO - Task exited with return code 0
[2025-04-16T23:47:08.184+0000] {taskinstance.py:3901} INFO - 1 downstream tasks scheduled from follow-on schedule check
[2025-04-16T23:47:08.187+0000] {local_task_job_runner.py:245} INFO - ::endgroup::
