[2025-04-16T23:47:21.318+0000] {local_task_job_runner.py:123} INFO - ::group::Pre task execution logs
[2025-04-16T23:47:21.346+0000] {taskinstance.py:2614} INFO - Dependencies all met for dep_context=non-requeueable deps ti=<TaskInstance: airbnb_etl_dag.transform_calendar_data scheduled__2025-04-15T00:00:00+00:00 [queued]>
[2025-04-16T23:47:21.358+0000] {taskinstance.py:2614} INFO - Dependencies all met for dep_context=requeueable deps ti=<TaskInstance: airbnb_etl_dag.transform_calendar_data scheduled__2025-04-15T00:00:00+00:00 [queued]>
[2025-04-16T23:47:21.359+0000] {taskinstance.py:2867} INFO - Starting attempt 1 of 1
[2025-04-16T23:47:21.373+0000] {taskinstance.py:2890} INFO - Executing <Task(PythonOperator): transform_calendar_data> on 2025-04-15 00:00:00+00:00
[2025-04-16T23:47:21.380+0000] {standard_task_runner.py:72} INFO - Started process 316 to run task
[2025-04-16T23:47:21.383+0000] {standard_task_runner.py:104} INFO - Running: ['airflow', 'tasks', 'run', 'airbnb_etl_dag', 'transform_calendar_data', 'scheduled__2025-04-15T00:00:00+00:00', '--job-id', '8', '--raw', '--subdir', 'DAGS_FOLDER/airbnb_etl_dag.py', '--cfg-path', '/tmp/tmp_mk2gk_s']
[2025-04-16T23:47:21.385+0000] {standard_task_runner.py:105} INFO - Job 8: Subtask transform_calendar_data
[2025-04-16T23:47:21.437+0000] {task_command.py:467} INFO - Running <TaskInstance: airbnb_etl_dag.transform_calendar_data scheduled__2025-04-15T00:00:00+00:00 [running]> on host 25ec4417f704
[2025-04-16T23:47:21.505+0000] {taskinstance.py:3134} INFO - Exporting env vars: AIRFLOW_CTX_DAG_OWNER='airflow' AIRFLOW_CTX_DAG_ID='airbnb_etl_dag' AIRFLOW_CTX_TASK_ID='transform_calendar_data' AIRFLOW_CTX_EXECUTION_DATE='2025-04-15T00:00:00+00:00' AIRFLOW_CTX_TRY_NUMBER='1' AIRFLOW_CTX_DAG_RUN_ID='scheduled__2025-04-15T00:00:00+00:00'
[2025-04-16T23:47:21.507+0000] {taskinstance.py:732} INFO - ::endgroup::
[2025-04-16T23:47:21.517+0000] {transform_calendar.py:12} INFO - Starting airbnb calendar data transforming...
[2025-04-16T23:47:44.669+0000] {transform_calendar.py:31} INFO - Saving airbnb calendar data into parquet file...
[2025-04-16T23:47:46.873+0000] {transform_calendar.py:34} INFO - Airbnb calendar data transformed and saved successfully!
[2025-04-16T23:47:46.913+0000] {python.py:240} INFO - Done. Returned value was: None
[2025-04-16T23:47:47.292+0000] {taskinstance.py:341} INFO - ::group::Post task execution logs
[2025-04-16T23:47:47.299+0000] {taskinstance.py:353} INFO - Marking task as SUCCESS. dag_id=airbnb_etl_dag, task_id=transform_calendar_data, run_id=scheduled__2025-04-15T00:00:00+00:00, execution_date=20250415T000000, start_date=20250416T234721, end_date=20250416T234747
[2025-04-16T23:47:47.558+0000] {local_task_job_runner.py:266} INFO - Task exited with return code 0
[2025-04-16T23:47:47.651+0000] {taskinstance.py:3901} INFO - 0 downstream tasks scheduled from follow-on schedule check
[2025-04-16T23:47:47.655+0000] {local_task_job_runner.py:245} INFO - ::endgroup::
